Archive member included because of file (symbol)

c:/program files (x86)/atmel/atmel toolchain/avr8 gcc/native/3.4.1061/avr8-gnu-toolchain/bin/../lib/gcc/avr/4.8.1/avr5\libgcc.a(_udivmodqi4.o)
                              menu/menu.o (__udivmodqi4)
c:/program files (x86)/atmel/atmel toolchain/avr8 gcc/native/3.4.1061/avr8-gnu-toolchain/bin/../lib/gcc/avr/4.8.1/avr5\libgcc.a(_udivmodhi4.o)
                              src/sensors.o (__udivmodhi4)
c:/program files (x86)/atmel/atmel toolchain/avr8 gcc/native/3.4.1061/avr8-gnu-toolchain/bin/../lib/gcc/avr/4.8.1/avr5\libgcc.a(_divmodhi4.o)
                              menu/menu.o (__divmodhi4)
c:/program files (x86)/atmel/atmel toolchain/avr8 gcc/native/3.4.1061/avr8-gnu-toolchain/bin/../lib/gcc/avr/4.8.1/avr5\libgcc.a(_udivmodsi4.o)
                              driver/system.o (__udivmodsi4)
c:/program files (x86)/atmel/atmel toolchain/avr8 gcc/native/3.4.1061/avr8-gnu-toolchain/bin/../lib/gcc/avr/4.8.1/avr5\libgcc.a(_exit.o)
                              c:/program files (x86)/atmel/atmel toolchain/avr8 gcc/native/3.4.1061/avr8-gnu-toolchain/bin/../lib/gcc/avr/4.8.1/../../../../avr/lib/avr5/crtm324pa.o (exit)
c:/program files (x86)/atmel/atmel toolchain/avr8 gcc/native/3.4.1061/avr8-gnu-toolchain/bin/../lib/gcc/avr/4.8.1/avr5\libgcc.a(_copy_data.o)
                              menu/menu.o (__do_copy_data)
c:/program files (x86)/atmel/atmel toolchain/avr8 gcc/native/3.4.1061/avr8-gnu-toolchain/bin/../lib/gcc/avr/4.8.1/avr5\libgcc.a(_clear_bss.o)
                              driver/adc.o (__do_clear_bss)
c:/program files (x86)/atmel/atmel toolchain/avr8 gcc/native/3.4.1061/avr8-gnu-toolchain/bin/../lib/gcc/avr/4.8.1/avr5\libgcc.a(_mulhisi3.o)
                              src/mixer.o (__mulhisi3)
c:/program files (x86)/atmel/atmel toolchain/avr8 gcc/native/3.4.1061/avr8-gnu-toolchain/bin/../lib/gcc/avr/4.8.1/avr5\libgcc.a(_umulhisi3.o)
                              c:/program files (x86)/atmel/atmel toolchain/avr8 gcc/native/3.4.1061/avr8-gnu-toolchain/bin/../lib/gcc/avr/4.8.1/avr5\libgcc.a(_mulhisi3.o) (__umulhisi3)
c:/program files (x86)/atmel/atmel toolchain/avr8 gcc/native/3.4.1061/avr8-gnu-toolchain/bin/../lib/gcc/avr/4.8.1/avr5\libgcc.a(_usmulhisi3.o)
                              src/controller.o (__usmulhisi3)
c:/program files (x86)/atmel/atmel toolchain/avr8 gcc/native/3.4.1061/avr8-gnu-toolchain/bin/../lib/gcc/avr/4.8.1/../../../../avr/lib/avr5\libc.a(memcpy_P.o)
                              driver/lcd.o (memcpy_P)
c:/program files (x86)/atmel/atmel toolchain/avr8 gcc/native/3.4.1061/avr8-gnu-toolchain/bin/../lib/gcc/avr/4.8.1/../../../../avr/lib/avr5\libc.a(strlen_P.o)
                              menu/menu.o (__strlen_P)
c:/program files (x86)/atmel/atmel toolchain/avr8 gcc/native/3.4.1061/avr8-gnu-toolchain/bin/../lib/gcc/avr/4.8.1/../../../../avr/lib/avr5\libc.a(itoa_ncheck.o)
                              menu/menu.o (__itoa_ncheck)
c:/program files (x86)/atmel/atmel toolchain/avr8 gcc/native/3.4.1061/avr8-gnu-toolchain/bin/../lib/gcc/avr/4.8.1/../../../../avr/lib/avr5\libc.a(utoa_ncheck.o)
                              menu/menu.o (__utoa_ncheck)
c:/program files (x86)/atmel/atmel toolchain/avr8 gcc/native/3.4.1061/avr8-gnu-toolchain/bin/../lib/gcc/avr/4.8.1/../../../../avr/lib/avr5\libc.a(eerd_block_atmega324pa.o)
                              src/config.o (__eerd_block_m324pa)
c:/program files (x86)/atmel/atmel toolchain/avr8 gcc/native/3.4.1061/avr8-gnu-toolchain/bin/../lib/gcc/avr/4.8.1/../../../../avr/lib/avr5\libc.a(eeupd_block_atmega324pa.o)
                              src/config.o (__eeupd_block_m324pa)
c:/program files (x86)/atmel/atmel toolchain/avr8 gcc/native/3.4.1061/avr8-gnu-toolchain/bin/../lib/gcc/avr/4.8.1/../../../../avr/lib/avr5\libc.a(eeupd_byte_atmega324pa.o)
                              c:/program files (x86)/atmel/atmel toolchain/avr8 gcc/native/3.4.1061/avr8-gnu-toolchain/bin/../lib/gcc/avr/4.8.1/../../../../avr/lib/avr5\libc.a(eeupd_block_atmega324pa.o) (__eeupd_r18_m324pa)
c:/program files (x86)/atmel/atmel toolchain/avr8 gcc/native/3.4.1061/avr8-gnu-toolchain/bin/../lib/gcc/avr/4.8.1/../../../../avr/lib/avr5\libc.a(strrev.o)
                              c:/program files (x86)/atmel/atmel toolchain/avr8 gcc/native/3.4.1061/avr8-gnu-toolchain/bin/../lib/gcc/avr/4.8.1/../../../../avr/lib/avr5\libc.a(utoa_ncheck.o) (strrev)

Allocating common symbols
Common symbol       size              file

ACC_raw             0x6               src/sensors.o
RX_good             0x1               driver/rx.o
RX                  0x10              driver/rx.o
MIXER               0x10              src/mixer.o
GYRO_raw            0x6               src/sensors.o
BATT                0x1               src/sensors.o
GYRO                0x6               src/sensors.o
ACC                 0x6               src/sensors.o
State               0xd               src/main.o
[...]
Memory Configuration

Name             Origin             Length             Attributes
text             0x00000000         0x00020000         xr
data             0x00800060         0x0000ffa0         rw !x
eeprom           0x00810000         0x00010000         rw !x
fuse             0x00820000         0x00000400         rw !x
lock             0x00830000         0x00000400         rw !x
signature        0x00840000         0x00000400         rw !x
user_signatures  0x00850000         0x00000400         rw !x
*default*        0x00000000         0xffffffff

Linker script and memory map

Address of section .data set to 0x800100
LOAD c:/program files (x86)/atmel/atmel toolchain/avr8 gcc/native/3.4.1061/avr8-gnu-toolchain/bin/../lib/gcc/avr/4.8.1/../../../../avr/lib/avr5/crtm324pa.o
LOAD driver/adc.o
LOAD driver/digitals.o
LOAD driver/keyboard.o
LOAD driver/lcd.o
LOAD driver/pwm.o
LOAD driver/rx.o
LOAD driver/serial.o
LOAD driver/system.o
LOAD gfx/font12x16.o
LOAD gfx/font4x6.o
LOAD gfx/font6x8.o
LOAD gfx/fonts.o
LOAD gfx/glyphs.o
LOAD src/config.o
LOAD src/controller.o
LOAD src/imu.o
LOAD src/lva.o
LOAD src/main.o
LOAD src/mixer.o
LOAD src/model_table.o
LOAD src/msp.o
LOAD src/sensors.o
LOAD menu/menu.o
START GROUP
LOAD c:/program files (x86)/atmel/atmel toolchain/avr8 gcc/native/3.4.1061/avr8-gnu-toolchain/bin/../lib/gcc/avr/4.8.1/../../../../avr/lib/avr5\libm.a
END GROUP
START GROUP
LOAD c:/program files (x86)/atmel/atmel toolchain/avr8 gcc/native/3.4.1061/avr8-gnu-toolchain/bin/../lib/gcc/avr/4.8.1/avr5\libgcc.a
LOAD c:/program files (x86)/atmel/atmel toolchain/avr8 gcc/native/3.4.1061/avr8-gnu-toolchain/bin/../lib/gcc/avr/4.8.1/../../../../avr/lib/avr5\libm.a
LOAD c:/program files (x86)/atmel/atmel toolchain/avr8 gcc/native/3.4.1061/avr8-gnu-toolchain/bin/../lib/gcc/avr/4.8.1/../../../../avr/lib/avr5\libc.a
END GROUP

.hash
 *(.hash)

.dynsym
 *(.dynsym)

.dynstr
 *(.dynstr)

.gnu.version
 *(.gnu.version)

.gnu.version_d
 *(.gnu.version_d)

.gnu.version_r
 *(.gnu.version_r)

.rel.init
 *(.rel.init)

.rela.init
 *(.rela.init)

.rel.text
 *(.rel.text)
 *(.rel.text.*)
 *(.rel.gnu.linkonce.t*)

.rela.text
 *(.rela.text)
 *(.rela.text.*)
 *(.rela.gnu.linkonce.t*)

.rel.fini
 *(.rel.fini)

.rela.fini
 *(.rela.fini)

.rel.rodata
 *(.rel.rodata)
 *(.rel.rodata.*)
 *(.rel.gnu.linkonce.r*)

.rela.rodata
 *(.rela.rodata)
 *(.rela.rodata.*)
 *(.rela.gnu.linkonce.r*)

.rel.data
 *(.rel.data)
 *(.rel.data.*)
 *(.rel.gnu.linkonce.d*)

.rela.data
 *(.rela.data)
 *(.rela.data.*)
 *(.rela.gnu.linkonce.d*)

.rel.ctors
 *(.rel.ctors)

.rela.ctors
 *(.rela.ctors)

.rel.dtors
 *(.rel.dtors)

.rela.dtors
 *(.rela.dtors)

.rel.got
 *(.rel.got)

.rela.got
 *(.rela.got)

.rel.bss
 *(.rel.bss)

.rela.bss
 *(.rela.bss)

.rel.plt
 *(.rel.plt)

.rela.plt
 *(.rela.plt)

.text           0x00000000     0x49a2
 *(.vectors)
 .vectors       0x00000000       0x7c c:/program files (x86)/atmel/atmel toolchain/avr8 gcc/native/3.4.1061/avr8-gnu-toolchain/bin/../lib/gcc/avr/4.8.1/../../../../avr/lib/avr5/crtm324pa.o
                0x00000000                __vector_default
                0x00000000                __vectors
 *(.vectors)
 *(.progmem.gcc*)
                0x0000007c                . = ALIGN (0x2)
                0x0000007c                __trampolines_start = .
 *(.trampolines)
 .trampolines   0x0000007c        0x0 linker stubs
 *(.trampolines*)
                0x0000007c                __trampolines_end = .
 *(.progmem*)
 .progmem.data.masks.2148
                0x0000007c        0x8 driver/lcd.o
 .progmem.data._initSeq
                0x00000084        0xc driver/lcd.o
 .progmem.data.masktable
                0x00000090        0x8 driver/pwm.o
 .progmem.data.font12x16
                0x00000098        0x4 gfx/font12x16.o
                0x00000098                font12x16
 .progmem.data._font12x16map
                0x0000009c      0x600 gfx/font12x16.o
 .progmem.data.font4x6
                0x0000069c        0x4 gfx/font4x6.o
                0x0000069c                font4x6
 .progmem.data._font4x6map
                0x000006a0      0x100 gfx/font4x6.o
 .progmem.data.font6x8
                0x000007a0        0x4 gfx/font6x8.o
                0x000007a0                font6x8
 .progmem.data._font6x8map
                0x000007a4      0x240 gfx/font6x8.o
 .progmem.data.glyFC
                0x000009e4        0x7 gfx/glyphs.o
                0x000009e4                glyFC
 .progmem.data.glyDirCCW
                0x000009eb        0x7 gfx/glyphs.o
                0x000009eb                glyDirCCW
 .progmem.data.glyDirCW
                0x000009f2        0xb gfx/glyphs.o
                0x000009f2                glyDirCW
 .progmem.data.glyBall
                0x000009fd       0x14 gfx/glyphs.o
                0x000009fd                glyBall
 .progmem.data.glyArrowDown
                0x00000a11        0xa gfx/glyphs.o
                0x00000a11                glyArrowDown
 .progmem.data.glyArrowUp
                0x00000a1b        0xa gfx/glyphs.o
                0x00000a1b                glyArrowUp
 .progmem.data.defaultConfig
                0x00000a25       0x7c src/config.o
 .progmem.data.convtab
                0x00000aa1       0x40 src/imu.o
 .progmem.data.__c.2197
                0x00000ae1       0x11 src/main.o
 .progmem.data.__c.2214
                0x00000af2        0xb src/main.o
 .progmem.data.versionAuthor
                0x00000afd       0x11 src/main.o
 .progmem.data.versionNum
                0x00000b0e        0xd src/main.o
 .progmem.data.modelTable
                0x00000b1b       0x2c src/model_table.o
                0x00000b1b                modelTable
 .progmem.data.model22
                0x00000b47       0x1b src/model_table.o
 .progmem.data.model21
                0x00000b62       0x1b src/model_table.o
 .progmem.data.model20
                0x00000b7d       0x15 src/model_table.o
 .progmem.data.model19
                0x00000b92       0x21 src/model_table.o
 .progmem.data.model18
                0x00000bb3       0x1b src/model_table.o
 .progmem.data.model17
                0x00000bce       0x33 src/model_table.o
 .progmem.data.model16
                0x00000c01       0x27 src/model_table.o
 .progmem.data.model15
                0x00000c28       0x33 src/model_table.o
 .progmem.data.model14
                0x00000c5b       0x27 src/model_table.o
 .progmem.data.model13
                0x00000c82       0x33 src/model_table.o
 .progmem.data.model12
                0x00000cb5       0x33 src/model_table.o
 .progmem.data.model11
                0x00000ce8       0x27 src/model_table.o
 .progmem.data.model10
                0x00000d0f       0x27 src/model_table.o
 .progmem.data.model09
                0x00000d36       0x33 src/model_table.o
 .progmem.data.model08
                0x00000d69       0x33 src/model_table.o
 .progmem.data.model07
                0x00000d9c       0x1b src/model_table.o
 .progmem.data.model06
                0x00000db7       0x1b src/model_table.o
 .progmem.data.model05
                0x00000dd2       0x27 src/model_table.o
 .progmem.data.model04
                0x00000df9       0x1b src/model_table.o
 .progmem.data.model03
                0x00000e14       0x1b src/model_table.o
 .progmem.data.model02
                0x00000e2f       0x21 src/model_table.o
 .progmem.data.model01
                0x00000e50       0x1b src/model_table.o
 .progmem.data.strModel22
                0x00000e6b        0x7 src/model_table.o
 .progmem.data.strModel21
                0x00000e72        0x3 src/model_table.o
 .progmem.data.strModel20
                0x00000e75        0xc src/model_table.o
 .progmem.data.strModel19
                0x00000e81       0x10 src/model_table.o
 .progmem.data.strModel18
                0x00000e91       0x10 src/model_table.o
 .progmem.data.strModel17
                0x00000ea1        0x3 src/model_table.o
 .progmem.data.strModel16
                0x00000ea4        0x3 src/model_table.o
 .progmem.data.strModel15
                0x00000ea7        0x3 src/model_table.o
 .progmem.data.strModel14
                0x00000eaa        0x3 src/model_table.o
 .progmem.data.strModel13
                0x00000ead        0xd src/model_table.o
 .progmem.data.strModel12
                0x00000eba        0xd src/model_table.o
 .progmem.data.strModel11
                0x00000ec7        0xd src/model_table.o
 .progmem.data.strModel10
                0x00000ed4        0xd src/model_table.o
 .progmem.data.strModel09
                0x00000ee1        0x5 src/model_table.o
 .progmem.data.strModel08
                0x00000ee6        0x5 src/model_table.o
 .progmem.data.strModel07
                0x00000eeb        0xf src/model_table.o
 .progmem.data.strModel06
                0x00000efa        0xf src/model_table.o
 .progmem.data.strModel05
                0x00000f09        0x3 src/model_table.o
 .progmem.data.strModel04
                0x00000f0c        0xa src/model_table.o
 .progmem.data.strModel03
                0x00000f16        0xb src/model_table.o
 .progmem.data.strModel02
                0x00000f21       0x13 src/model_table.o
 .progmem.data.strModel01
                0x00000f34       0x13 src/model_table.o
 .progmem.data.__c.2393
                0x00000f47       0x15 menu/menu.o
 .progmem.data.__c.2391
                0x00000f5c        0x7 menu/menu.o
 .progmem.data.__c.2389
                0x00000f63        0x3 menu/menu.o
 .progmem.data.__c.2386
                0x00000f66        0x4 menu/menu.o
 .progmem.data.info.2403
                0x00000f6a       0x18 menu/menu.o
 .progmem.data.elements.2459
                0x00000f82       0x24 menu/menu.o
 .progmem.data.elements.2462
                0x00000fa6       0x2d menu/menu.o
 .progmem.data.elements.2465
                0x00000fd3       0x24 menu/menu.o
 .progmem.data.elements.2468
                0x00000ff7       0x24 menu/menu.o
 .progmem.data.lstMenu
                0x0000101b       0x22 menu/menu.o
 .progmem.data.pages
                0x0000103d       0x72 menu/menu.o
 .progmem.data._skCANCEL
                0x000010af        0x7 menu/menu.o
 .progmem.data._skBACKNEXT
                0x000010b6        0xb menu/menu.o
 .progmem.data._skEDIT
                0x000010c1       0x16 menu/menu.o
 .progmem.data._skPAGE
                0x000010d7       0x16 menu/menu.o
 .progmem.data._skCANCELYES
                0x000010ed       0x16 menu/menu.o
 .progmem.data._skCONTINUE
                0x00001103       0x16 menu/menu.o
 .progmem.data._skBACK
                0x00001119        0x5 menu/menu.o
 .progmem.data._skMENU
                0x0000111e       0x16 menu/menu.o
 .progmem.data._skSTART
                0x00001134       0x16 menu/menu.o
 .progmem.data.scrDebug
                0x0000114a       0x34 menu/menu.o
 .progmem.data.scrMixerEditor
                0x0000117e       0x49 menu/menu.o
 .progmem.data.scrRadioCal2
                0x000011c7       0x4d menu/menu.o
 .progmem.data.scrRadioCal1
                0x00001214       0x4b menu/menu.o
 .progmem.data.scrRadioCal0
                0x0000125f       0x5b menu/menu.o
 .progmem.data.scrESCCal
                0x000012ba        0xc menu/menu.o
 .progmem.data.scrESCCal5
                0x000012c6       0x4d menu/menu.o
 .progmem.data.scrESCCal4
                0x00001313       0x79 menu/menu.o
 .progmem.data.scrESCCal3
                0x0000138c       0x6f menu/menu.o
 .progmem.data.scrESCCal2
                0x000013fb       0x7a menu/menu.o
 .progmem.data.scrESCCal1
                0x00001475       0x8b menu/menu.o
 .progmem.data.scrESCCal0
                0x00001500       0x76 menu/menu.o
 .progmem.data.scrSensorCal0
                0x00001576       0x77 menu/menu.o
 .progmem.data.scrCPPMSettings2
                0x000015ed       0x18 menu/menu.o
 .progmem.data.scrCPPMSettings1
                0x00001605       0x2e menu/menu.o
 .progmem.data.scrCameraStabSettings
                0x00001633       0x46 menu/menu.o
 .progmem.data.scrSelflevelSettings
                0x00001679       0x31 menu/menu.o
 .progmem.data.scrMiscSettings
                0x000016aa       0x55 menu/menu.o
 .progmem.data.scrStickScaling
                0x000016ff       0x3d menu/menu.o
 .progmem.data.scrModeSettings
                0x0000173c       0x40 menu/menu.o
 .progmem.data.scrSensorTest
                0x0000177c       0x36 menu/menu.o
 .progmem.data.scrReceiverTest
                0x000017b2       0x31 menu/menu.o
 .progmem.data.scrPIEditor
                0x000017e3       0x29 menu/menu.o
 .progmem.data.scrStart
                0x0000180c       0x31 menu/menu.o
 .progmem.data.strSensorNotCal
                0x0000183d        0xf menu/menu.o
 .progmem.data.strUnused
                0x0000184c        0x8 menu/menu.o
 .progmem.data.strALL
                0x00001854        0x4 menu/menu.o
 .progmem.data.strCCW
                0x00001858        0x4 menu/menu.o
 .progmem.data.strCW
                0x0000185c        0x3 menu/menu.o
 .progmem.data.strDirSeen
                0x0000185f       0x1b menu/menu.o
 .progmem.data.strOutput
                0x0000187a        0x8 menu/menu.o
 .progmem.data.strAreYouSure
                0x00001882        0xe menu/menu.o
 .progmem.data.strCalSucc
                0x00001890       0x16 menu/menu.o
 .progmem.data.strSec
                0x000018a6        0x4 menu/menu.o
 .progmem.data.strWait
                0x000018aa        0x8 menu/menu.o
 .progmem.data.strThro
                0x000018b2        0x5 menu/menu.o
 .progmem.data.strYaw
                0x000018b7        0x4 menu/menu.o
 .progmem.data.strPitch
                0x000018bb        0x6 menu/menu.o
 .progmem.data.strRoll
                0x000018c1        0x5 menu/menu.o
 .progmem.data.strError
                0x000018c6        0x7 menu/menu.o
 .progmem.data.strOff
                0x000018cd        0x4 menu/menu.o
 .progmem.data.strOn
                0x000018d1        0x3 menu/menu.o
 .progmem.data.strFull
                0x000018d4        0x5 menu/menu.o
 .progmem.data.strIdle
                0x000018d9        0x5 menu/menu.o
 .progmem.data.strForward
                0x000018de        0x6 menu/menu.o
 .progmem.data.strBack
                0x000018e4        0x5 menu/menu.o
 .progmem.data.strRight
                0x000018e9        0x6 menu/menu.o
 .progmem.data.strLeft
                0x000018ef        0x5 menu/menu.o
 .progmem.data.strNoSignal
                0x000018f4        0xa menu/menu.o
 .progmem.data.strLow
                0x000018fe        0x3 menu/menu.o
 .progmem.data.strHigh
                0x00001901        0x3 menu/menu.o
 .progmem.data.strServo
                0x00001904        0x6 menu/menu.o
 .progmem.data.strESC
                0x0000190a        0x4 menu/menu.o
 .progmem.data.strNo
                0x0000190e        0x3 menu/menu.o
 .progmem.data.strYes
                0x00001911        0x4 menu/menu.o
 .progmem.data.strAUX
                0x00001915        0x4 menu/menu.o
 .progmem.data.strStick
                0x00001919        0x6 menu/menu.o
 .progmem.data.strYawRud
                0x0000191f        0xd menu/menu.o
 .progmem.data.strPitchEle
                0x0000192c       0x11 menu/menu.o
 .progmem.data.strRollAil
                0x0000193d        0xf menu/menu.o
 .progmem.data.strFactoryReset
                0x0000194c        0xe menu/menu.o
 .progmem.data.strDebug
                0x0000195a        0x6 menu/menu.o
 .progmem.data.strLoadMotorLayout
                0x00001960       0x12 menu/menu.o
 .progmem.data.strShowMotorLayout
                0x00001972       0x12 menu/menu.o
 .progmem.data.strMixerEditor
                0x00001984        0xd menu/menu.o
 .progmem.data.strRadioCalibration
                0x00001991       0x10 menu/menu.o
 .progmem.data.strESCCalibration
                0x000019a1       0x10 menu/menu.o
 .progmem.data.strCPPMSettings
                0x000019b1        0xe menu/menu.o
 .progmem.data.strSensorCalibration
                0x000019bf       0x13 menu/menu.o
 .progmem.data.strSensorTest
                0x000019d2        0xc menu/menu.o
 .progmem.data.strCameraStabSerrings
                0x000019de       0x15 menu/menu.o
 .progmem.data.strSelflevelSettings
                0x000019f3       0x14 menu/menu.o
 .progmem.data.strMiscSettings
                0x00001a07        0xf menu/menu.o
 .progmem.data.strStickScaling
                0x00001a16        0xe menu/menu.o
 .progmem.data.strModeSettings
                0x00001a24        0xe menu/menu.o
 .progmem.data.strReceiverTest
                0x00001a32        0xe menu/menu.o
 .progmem.data.strPIEditor
                0x00001a40        0xa menu/menu.o
 .progmem.data.strON
                0x00001a4a        0x3 menu/menu.o
 .progmem.data.strOFF
                0x00001a4d        0x4 menu/menu.o
 .progmem.data.strARMED
                0x00001a51        0x6 menu/menu.o
 .progmem.data.strSAFE
                0x00001a57        0x5 menu/menu.o
                0x00001a5c                . = ALIGN (0x2)
 *(.jumptables)
 *(.jumptables*)
 *(.lowtext)
 .lowtext       0x00001a5c       0x5e driver/adc.o
                0x00001a5c                __vector_24
 .lowtext       0x00001aba       0x9e driver/lcd.o
                0x00001aba                __vector_18
 .lowtext       0x00001b58      0x14e driver/pwm.o
                0x00001b58                __vector_13
                0x00001bfe                __vector_14
 .lowtext       0x00001ca6      0x2f6 driver/rx.o
                0x00001ca6                __vector_2
                0x00001d24                __vector_1
                0x00001da2                __vector_3
                0x00001eb0                __vector_7
                0x00001f26                __vector_5
 .lowtext       0x00001f9c       0xa8 driver/serial.o
                0x00001f9c                __vector_29
                0x00001ff4                __vector_28
 *(.lowtext*)
                0x00002044                __ctors_start = .
 *(.ctors)
                0x00002044                __ctors_end = .
                0x00002044                __dtors_start = .
 *(.dtors)
                0x00002044                __dtors_end = .
 SORT(*)(.ctors)
 SORT(*)(.dtors)
 *(.init0)
 .init0         0x00002044        0x0 c:/program files (x86)/atmel/atmel toolchain/avr8 gcc/native/3.4.1061/avr8-gnu-toolchain/bin/../lib/gcc/avr/4.8.1/../../../../avr/lib/avr5/crtm324pa.o
                0x00002044                __init
 *(.init0)
 *(.init1)
 *(.init1)
 *(.init2)
 .init2         0x00002044        0xc c:/program files (x86)/atmel/atmel toolchain/avr8 gcc/native/3.4.1061/avr8-gnu-toolchain/bin/../lib/gcc/avr/4.8.1/../../../../avr/lib/avr5/crtm324pa.o
 *(.init2)
 *(.init3)
 .init3         0x00002050       0x12 src/main.o
 *(.init3)
 *(.init4)
 .init4         0x00002062       0x16 c:/program files (x86)/atmel/atmel toolchain/avr8 gcc/native/3.4.1061/avr8-gnu-toolchain/bin/../lib/gcc/avr/4.8.1/avr5\libgcc.a(_copy_data.o)
                0x00002062                __do_copy_data
 .init4         0x00002078       0x10 c:/program files (x86)/atmel/atmel toolchain/avr8 gcc/native/3.4.1061/avr8-gnu-toolchain/bin/../lib/gcc/avr/4.8.1/avr5\libgcc.a(_clear_bss.o)
                0x00002078                __do_clear_bss
 *(.init4)
 *(.init5)
 *(.init5)
 *(.init6)
 *(.init6)
 *(.init7)
 *(.init7)
 *(.init8)
 *(.init8)
 *(.init9)
 .init9         0x00002088        0x8 c:/program files (x86)/atmel/atmel toolchain/avr8 gcc/native/3.4.1061/avr8-gnu-toolchain/bin/../lib/gcc/avr/4.8.1/../../../../avr/lib/avr5/crtm324pa.o
 *(.init9)
 *(.text)
 .text          0x00002090        0x4 c:/program files (x86)/atmel/atmel toolchain/avr8 gcc/native/3.4.1061/avr8-gnu-toolchain/bin/../lib/gcc/avr/4.8.1/../../../../avr/lib/avr5/crtm324pa.o
                0x00002090                __vector_22
                0x00002090                __vector_12
                0x00002090                __bad_interrupt
                0x00002090                __vector_6
                0x00002090                __vector_23
                0x00002090                __vector_30
                0x00002090                __vector_25
                0x00002090                __vector_11
                0x00002090                __vector_17
                0x00002090                __vector_19
                0x00002090                __vector_27
                0x00002090                __vector_4
                0x00002090                __vector_9
                0x00002090                __vector_21
                0x00002090                __vector_8
                0x00002090                __vector_26
                0x00002090                __vector_10
                0x00002090                __vector_16
                0x00002090                __vector_20
                0x00002094                . = ALIGN (0x2)
 *(.text.*)
 .text.adcInit  0x00002094       0x12 driver/adc.o
                0x00002094                adcInit
 .text.adcGet   0x000020a6       0x16 driver/adc.o
                0x000020a6                adcGet
 .text.digitalsBuzzBlocking
                0x000020bc        0x6 driver/digitals.o
                0x000020bc                digitalsBuzzBlocking
 .text.digitalsLoop
                0x000020c2       0x82 driver/digitals.o
                0x000020c2                digitalsLoop
 .text.digitalsBuzz
                0x00002144       0x1e driver/digitals.o
                0x00002144                digitalsBuzz
 .text.digitalsBuzzInterval
                0x00002162       0x32 driver/digitals.o
                0x00002162                digitalsBuzzInterval
 .text.keyboardState
                0x00002194        0x8 driver/keyboard.o
                0x00002194                keyboardState
 .text.keyboardRead
                0x0000219c       0xaa driver/keyboard.o
                0x0000219c                keyboardRead
 .text.keyboardInit
                0x00002246        0xe driver/keyboard.o
                0x00002246                keyboardInit
 .text.sendByte
                0x00002254       0x18 driver/lcd.o
 .text.sendCommand
                0x0000226c        0xc driver/lcd.o
 .text.lcdSetPos
                0x00002278       0x12 driver/lcd.o
                0x00002278                lcdSetPos
 .text.lcdXY    0x0000228a        0xa driver/lcd.o
                0x0000228a                lcdXY
 .text.lcdSetPixel
                0x00002294       0x44 driver/lcd.o
                0x00002294                lcdSetPixel
 .text.lcdLine  0x000022d8       0xd0 driver/lcd.o
                0x000022d8                lcdLine
 .text.lcdRectangle
                0x000023a8       0x6e driver/lcd.o
                0x000023a8                lcdRectangle
 .text.lcdFillRectangle
                0x00002416       0x5e driver/lcd.o
                0x00002416                lcdFillRectangle
 .text.lcdClear
                0x00002474       0x22 driver/lcd.o
                0x00002474                lcdClear
 .text.lcdWriteSprite_P
                0x00002496       0xd6 driver/lcd.o
                0x00002496                lcdWriteSprite_P
 .text.lcdWriteGlyph_P
                0x0000256c       0x10 driver/lcd.o
                0x0000256c                lcdWriteGlyph_P
 .text.lcdWriteChar
                0x0000257c       0x56 driver/lcd.o
                0x0000257c                lcdWriteChar
 .text.lcdWriteString
                0x000025d2       0x18 driver/lcd.o
                0x000025d2                lcdWriteString
 .text.lcdWriteString_P
                0x000025ea       0x22 driver/lcd.o
                0x000025ea                lcdWriteString_P
 .text.lcdReverse
                0x0000260c       0x14 driver/lcd.o
                0x0000260c                lcdReverse
 .text.lcdEnable
                0x00002620       0x12 driver/lcd.o
                0x00002620                lcdEnable
 .text.lcdDisable
                0x00002632        0xc driver/lcd.o
                0x00002632                lcdDisable
 .text.lcdSelectFont
                0x0000263e       0x16 driver/lcd.o
                0x0000263e                lcdSelectFont
 .text.lcdInit  0x00002654       0x3c driver/lcd.o
                0x00002654                lcdInit
 .text.doOutput
                0x00002690       0x78 driver/pwm.o
 .text.pwmInit  0x00002708        0x8 driver/pwm.o
                0x00002708                pwmInit
 .text.pwmWrite
                0x00002710       0x22 driver/pwm.o
                0x00002710                pwmWrite
 .text.pwmEnable
                0x00002732       0x2e driver/pwm.o
                0x00002732                pwmEnable
 .text.rxInit   0x00002760       0x6e driver/rx.o
                0x00002760                rxInit
 .text.rxRead   0x000027ce       0x8e driver/rx.o
                0x000027ce                rxRead
 .text.rxCalibrate
                0x0000285c       0x56 driver/rx.o
                0x0000285c                rxCalibrate
 .text.Enqueue  0x000028b2       0x22 driver/serial.o
 .text.serialInit
                0x000028d4       0x2e driver/serial.o
                0x000028d4                serialInit
 .text.serialWriteChar
                0x00002902       0x3c driver/serial.o
                0x00002902                serialWriteChar
 .text.serialTerminate
                0x0000293e        0xa driver/serial.o
                0x0000293e                serialTerminate
 .text.__vector_15
                0x00002948       0x8e driver/system.o
                0x00002948                __vector_15
 .text.ticks    0x000029d6       0x46 driver/system.o
                0x000029d6                ticks
 .text.millis   0x00002a1c       0x10 driver/system.o
                0x00002a1c                millis
 .text.setup    0x00002a2c       0x1a driver/system.o
                0x00002a2c                setup
 .text._font12x16selector
                0x00002a46       0x24 gfx/font12x16.o
 .text._font4x6selector
                0x00002a6a        0xe gfx/font4x6.o
 .text._font6x8selector
                0x00002a78       0x1a gfx/font6x8.o
 .text._initConfig
                0x00002a92       0x18 src/config.o
 .text.configLoad
                0x00002aaa       0x1e src/config.o
                0x00002aaa                configLoad
 .text.configInit
                0x00002ac8        0x4 src/config.o
                0x00002ac8                configInit
 .text.configSave
                0x00002acc       0x10 src/config.o
                0x00002acc                configSave
 .text.configReset
                0x00002adc        0x4 src/config.o
                0x00002adc                configReset
 .text.limit    0x00002ae0       0x14 src/controller.o
                0x00002ae0                limit
 .text.calcChannel
                0x00002af4       0x96 src/controller.o
                0x00002af4                calcChannel
 .text.calcThrottle
                0x00002b8a       0x2e src/controller.o
                0x00002b8a                calcThrottle
 .text.controllerCalculate
                0x00002bb8       0x44 src/controller.o
                0x00002bb8                controllerCalculate
 .text.controllerReset
                0x00002bfc       0x10 src/controller.o
                0x00002bfc                controllerReset
 .text.getAccAngle
                0x00002c0c       0x42 src/imu.o
 .text.calcComplementaryAngle
                0x00002c4e       0x64 src/imu.o
 .text.imuCalculate
                0x00002cb2      0x16c src/imu.o
                0x00002cb2                imuCalculate
 .text.lvaLoop  0x00002e1e       0x3c src/lva.o
                0x00002e1e                lvaLoop
 .text.write16  0x00002e5a       0x1e src/main.o
 .text.arm      0x00002e78       0x34 src/main.o
                0x00002e78                arm
 .text.startup.main
                0x00002eac      0x39a src/main.o
                0x00002eac                main
 .text.mixerInit
                0x00003246        0x2 src/mixer.o
                0x00003246                mixerInit
 .text.mixerLoadModel
                0x00003248       0x44 src/mixer.o
                0x00003248                mixerLoadModel
 .text.mixerCalculate
                0x0000328c      0x15a src/mixer.o
                0x0000328c                mixerCalculate
 .text.mixerOutput
                0x000033e6       0x90 src/mixer.o
                0x000033e6                mixerOutput
 .text.sensorsRead
                0x00003476      0x158 src/sensors.o
                0x00003476                sensorsRead
 .text.sensorsCalibrate
                0x000035ce       0x30 src/sensors.o
                0x000035ce                sensorsCalibrate
 .text.tsmMain  0x000035fe       0x12 menu/menu.o
 .text.loadPage
                0x00003610       0x32 menu/menu.o
 .text.tsmLoadModelLayout
                0x00003642       0x38 menu/menu.o
 .text.writeSpace
                0x0000367a       0x1c menu/menu.o
 .text.writePadded_P
                0x00003696       0x30 menu/menu.o
 .text.writeSoftkeys
                0x000036c6       0x30 menu/menu.o
 .text.writeString_P
                0x000036f6       0x52 menu/menu.o
 .text.showMotor
                0x00003748      0x134 menu/menu.o
 .text.elementKey
                0x0000387c       0x38 menu/menu.o
 .text._hFactoryReset
                0x000038b4       0x40 menu/menu.o
 .text._hESCCalibration
                0x000038f4       0x44 menu/menu.o
 .text.doMenu   0x00003938      0x10a menu/menu.o
 .text._hLoadModelLayout
                0x00003a42       0x5c menu/menu.o
 .text._hMenu   0x00003a9e       0x18 menu/menu.o
 .text._hShowModelLayout
                0x00003ab6       0x7e menu/menu.o
 .text._hStickCentering
                0x00003b34       0x84 menu/menu.o
 .text._hSensorCalibration
                0x00003bb8       0xc0 menu/menu.o
 .text._hModeSettings
                0x00003c78      0x12c menu/menu.o
 .text.writeValue
                0x00003da4       0x90 menu/menu.o
 .text._hDebug  0x00003e34       0x60 menu/menu.o
 .text._hSensorTest
                0x00003e94       0x62 menu/menu.o
 .text._hReceiverTest
                0x00003ef6       0xee menu/menu.o
 .text.editModeHandler
                0x00003fe4       0xa8 menu/menu.o
 .text.defaultHandler
                0x0000408c       0x46 menu/menu.o
 .text.startEditMode
                0x000040d2       0x98 menu/menu.o
 .text._hMixerEditor
                0x0000416a      0x15a menu/menu.o
 .text._hCPPMSettings
                0x000042c4       0xe8 menu/menu.o
 .text.simplePageHandler
                0x000043ac       0xb0 menu/menu.o
 .text._hCameraStabSettings
                0x0000445c        0xa menu/menu.o
 .text._hSelflevelSettings
                0x00004466        0xa menu/menu.o
 .text._hMiscSettings
                0x00004470        0xa menu/menu.o
 .text._hStickScaling
                0x0000447a        0xa menu/menu.o
 .text._hPIEditor
                0x00004484       0xf6 menu/menu.o
 .text._hStart  0x0000457a      0x1de menu/menu.o
 .text.menuLoop
                0x00004758       0x58 menu/menu.o
                0x00004758                menuLoop
 .text.menuInit
                0x000047b0        0x6 menu/menu.o
                0x000047b0                menuInit
 .text.menuRefresh
                0x000047b6        0xe menu/menu.o
                0x000047b6                menuRefresh
 .text.libgcc.div
                0x000047c4       0x18 c:/program files (x86)/atmel/atmel toolchain/avr8 gcc/native/3.4.1061/avr8-gnu-toolchain/bin/../lib/gcc/avr/4.8.1/avr5\libgcc.a(_udivmodqi4.o)
                0x000047c4                __udivmodqi4
 .text.libgcc.div
                0x000047dc       0x28 c:/program files (x86)/atmel/atmel toolchain/avr8 gcc/native/3.4.1061/avr8-gnu-toolchain/bin/../lib/gcc/avr/4.8.1/avr5\libgcc.a(_udivmodhi4.o)
                0x000047dc                __udivmodhi4
 .text.libgcc.div
                0x00004804       0x28 c:/program files (x86)/atmel/atmel toolchain/avr8 gcc/native/3.4.1061/avr8-gnu-toolchain/bin/../lib/gcc/avr/4.8.1/avr5\libgcc.a(_divmodhi4.o)
                0x00004804                _div
                0x00004804                __divmodhi4
 .text.libgcc.div
                0x0000482c       0x44 c:/program files (x86)/atmel/atmel toolchain/avr8 gcc/native/3.4.1061/avr8-gnu-toolchain/bin/../lib/gcc/avr/4.8.1/avr5\libgcc.a(_udivmodsi4.o)
                0x0000482c                __udivmodsi4
 .text.libgcc.mul
                0x00004870       0x10 c:/program files (x86)/atmel/atmel toolchain/avr8 gcc/native/3.4.1061/avr8-gnu-toolchain/bin/../lib/gcc/avr/4.8.1/avr5\libgcc.a(_mulhisi3.o)
                0x00004870                __mulhisi3
 .text.libgcc.mul
                0x00004880       0x1e c:/program files (x86)/atmel/atmel toolchain/avr8 gcc/native/3.4.1061/avr8-gnu-toolchain/bin/../lib/gcc/avr/4.8.1/avr5\libgcc.a(_umulhisi3.o)
                0x00004880                __umulhisi3
 .text.libgcc.mul
                0x0000489e        0xe c:/program files (x86)/atmel/atmel toolchain/avr8 gcc/native/3.4.1061/avr8-gnu-toolchain/bin/../lib/gcc/avr/4.8.1/avr5\libgcc.a(_usmulhisi3.o)
                0x0000489e                __usmulhisi3
                0x000048a2                __usmulhisi3_tail
 .text.avr-libc
                0x000048ac       0x12 c:/program files (x86)/atmel/atmel toolchain/avr8 gcc/native/3.4.1061/avr8-gnu-toolchain/bin/../lib/gcc/avr/4.8.1/../../../../avr/lib/avr5\libc.a(memcpy_P.o)
                0x000048ac                memcpy_P
 .text.avr-libc
                0x000048be       0x12 c:/program files (x86)/atmel/atmel toolchain/avr8 gcc/native/3.4.1061/avr8-gnu-toolchain/bin/../lib/gcc/avr/4.8.1/../../../../avr/lib/avr5\libc.a(strlen_P.o)
                0x000048be                __strlen_P
 .text.avr-libc
                0x000048d0       0x16 c:/program files (x86)/atmel/atmel toolchain/avr8 gcc/native/3.4.1061/avr8-gnu-toolchain/bin/../lib/gcc/avr/4.8.1/../../../../avr/lib/avr5\libc.a(itoa_ncheck.o)
                0x000048d0                __itoa_ncheck
 .text.avr-libc
                0x000048e6       0x34 c:/program files (x86)/atmel/atmel toolchain/avr8 gcc/native/3.4.1061/avr8-gnu-toolchain/bin/../lib/gcc/avr/4.8.1/../../../../avr/lib/avr5\libc.a(utoa_ncheck.o)
                0x000048e6                __utoa_ncheck
                0x000048e8                __utoa_common
 .text.avr-libc
                0x0000491a       0x20 c:/program files (x86)/atmel/atmel toolchain/avr8 gcc/native/3.4.1061/avr8-gnu-toolchain/bin/../lib/gcc/avr/4.8.1/../../../../avr/lib/avr5\libc.a(eerd_block_atmega324pa.o)
                0x0000491a                __eerd_block_m324pa
                0x0000491e                __eerd_blraw_m324pa
 .text.avr-libc
                0x0000493a       0x20 c:/program files (x86)/atmel/atmel toolchain/avr8 gcc/native/3.4.1061/avr8-gnu-toolchain/bin/../lib/gcc/avr/4.8.1/../../../../avr/lib/avr5\libc.a(eeupd_block_atmega324pa.o)
                0x0000493a                __eeupd_block_m324pa
 .text.avr-libc
                0x0000495a       0x24 c:/program files (x86)/atmel/atmel toolchain/avr8 gcc/native/3.4.1061/avr8-gnu-toolchain/bin/../lib/gcc/avr/4.8.1/../../../../avr/lib/avr5\libc.a(eeupd_byte_atmega324pa.o)
                0x0000495a                __eeupd_byte_m324pa
                0x0000495c                __eeupd_r18_m324pa
 .text.avr-libc
                0x0000497e       0x20 c:/program files (x86)/atmel/atmel toolchain/avr8 gcc/native/3.4.1061/avr8-gnu-toolchain/bin/../lib/gcc/avr/4.8.1/../../../../avr/lib/avr5\libc.a(strrev.o)
                0x0000497e                strrev
                0x0000499e                . = ALIGN (0x2)
 *(.fini9)
 .fini9         0x0000499e        0x0 c:/program files (x86)/atmel/atmel toolchain/avr8 gcc/native/3.4.1061/avr8-gnu-toolchain/bin/../lib/gcc/avr/4.8.1/avr5\libgcc.a(_exit.o)
                0x0000499e                _exit
                0x0000499e                exit
 *(.fini9)
 *(.fini8)
 *(.fini8)
 *(.fini7)
 *(.fini7)
 *(.fini6)
 *(.fini6)
 *(.fini5)
 *(.fini5)
 *(.fini4)
 *(.fini4)
 *(.fini3)
 *(.fini3)
 *(.fini2)
 *(.fini2)
 *(.fini1)
 *(.fini1)
 *(.fini0)
 .fini0         0x0000499e        0x4 c:/program files (x86)/atmel/atmel toolchain/avr8 gcc/native/3.4.1061/avr8-gnu-toolchain/bin/../lib/gcc/avr/4.8.1/avr5\libgcc.a(_exit.o)
 *(.fini0)
                0x000049a2                _etext = .

.data           0x00800100        0xa load address 0x000049a2
                0x00800100                PROVIDE (__data_start, .)
 *(.data)
 *(.data*)
 .data.mnuMLayout
                0x00800100        0x5 menu/menu.o
 .data.mnuMain  0x00800105        0x5 menu/menu.o
 *(.rodata)
 *(.rodata*)
 *(.gnu.linkonce.d*)
                0x0080010a                . = ALIGN (0x2)
                0x0080010a                _edata = .
                0x0080010a                PROVIDE (__data_end, .)

.bss            0x0080010a      0x50d
                0x0080010a                PROVIDE (__bss_start, .)
 *(.bss)
 *(.bss*)
 .bss._index.1612
                0x0080010a        0x1 driver/adc.o
 .bss._adc      0x0080010b       0x10 driver/adc.o
 .bss.digBUZZER
                0x0080011b        0x4 driver/digitals.o
 .bss.digLED    0x0080011f        0x4 driver/digitals.o
 .bss.repeat    0x00800123        0x1 driver/keyboard.o
 .bss.keyDown   0x00800124        0x2 driver/keyboard.o
 .bss.lastKeys  0x00800126        0x1 driver/keyboard.o
 .bss.offset.2134
                0x00800127        0x2 driver/lcd.o
 .bss._font     0x00800129        0x4 driver/lcd.o
 .bss._cury     0x0080012d        0x1 driver/lcd.o
 .bss._curx     0x0080012e        0x1 driver/lcd.o
 .bss._screen   0x0080012f      0x400 driver/lcd.o
 .bss._flags    0x0080052f        0x1 driver/lcd.o
 .bss.loActive.1799
                0x00800530        0x1 driver/pwm.o
 .bss.lastLoStart.1800
                0x00800531        0x2 driver/pwm.o
 .bss.index.1798
                0x00800533        0x1 driver/pwm.o
 .bss.loActive.1791
                0x00800534        0x1 driver/pwm.o
 .bss.lastLoStart.1792
                0x00800535        0x2 driver/pwm.o
 .bss.index.1790
                0x00800537        0x1 driver/pwm.o
 .bss.PWM       0x00800538       0x10 driver/pwm.o
 .bss._t185.1956
                0x00800548        0x2 driver/rx.o
 .bss._start.1942
                0x0080054a        0x2 driver/rx.o
 .bss._start.1935
                0x0080054c        0x2 driver/rx.o
 .bss._mask.1928
                0x0080054e        0x1 driver/rx.o
 .bss._index.1927
                0x0080054f        0x1 driver/rx.o
 .bss._start.1926
                0x00800550        0x4 driver/rx.o
 .bss._start.1919
                0x00800554        0x4 driver/rx.o
 .bss._start.1912
                0x00800558        0x4 driver/rx.o
 .bss._RX_good  0x0080055c        0x1 driver/rx.o
 .bss._mode     0x0080055d        0x1 driver/rx.o
 .bss.RX_isr    0x0080055e       0x10 driver/rx.o
 .bss.t1_ovf    0x0080056e        0x2 driver/system.o
 .bss.t1_millis_fract
                0x00800570        0x2 driver/system.o
 .bss.t1_millis
                0x00800572        0x2 driver/system.o
 .bss.PID       0x00800574        0xc src/controller.o
 .bss.lastCall.1948
                0x00800580        0x4 src/imu.o
 .bss.startOff.2210
                0x00800584        0x2 src/main.o
 .bss.startArm.2209
                0x00800586        0x2 src/main.o
 .bss._t262.2226
                0x00800588        0x2 src/main.o
 .bss.lastStart.2225
                0x0080058a        0x4 src/main.o
 .bss.editValuePtr
                0x0080058e        0x2 menu/menu.o
 .bss.editValueType
                0x00800590        0x1 menu/menu.o
 .bss.editMode  0x00800591        0x1 menu/menu.o
 .bss.editInitialValue
                0x00800592        0x2 menu/menu.o
 .bss.editHiLimit
                0x00800594        0x2 menu/menu.o
 .bss.editLoLimit
                0x00800596        0x2 menu/menu.o
 .bss.editValue
                0x00800598        0x2 menu/menu.o
 .bss.currentPage
                0x0080059a        0x6 menu/menu.o
 .bss._tStart   0x008005a0        0x2 menu/menu.o
 .bss.subpage   0x008005a2        0x1 menu/menu.o
 .bss.elementIndex
                0x008005a3        0x1 menu/menu.o
 .bss.keys      0x008005a4        0x1 menu/menu.o
 *(COMMON)
 COMMON         0x008005a5       0x21 driver/rx.o
                0x008005a5                RX_good
                0x008005a6                RX
                0x008005b6                RX_raw
 COMMON         0x008005c6        0x8 src/controller.o
                0x008005c6                CONTROL
 COMMON         0x008005ce       0x12 src/imu.o
                0x008005ce                ACC_ANGLE
                0x008005d4                ANGLE
                0x008005da                GYRO_RATE
 COMMON         0x008005e0        0xe src/main.o
                0x008005e0                State
                0x008005ed                menuPage
 COMMON         0x008005ee       0x10 src/mixer.o
                0x008005ee                MIXER
 COMMON         0x008005fe       0x19 src/sensors.o
                0x008005fe                ACC_raw
                0x00800604                GYRO_raw
                0x0080060a                BATT
                0x0080060b                GYRO
                0x00800611                ACC
                0x00800617                PROVIDE (__bss_end, .)
                0x000049a2                __data_load_start = LOADADDR (.data)
                0x000049ac                __data_load_end = (__data_load_start + SIZEOF (.data))

.noinit         0x00800617       0xc0
                0x00800617                PROVIDE (__noinit_start, .)
 *(.noinit*)
 .noinit        0x00800617       0x44 driver/serial.o
 .noinit        0x0080065b       0x7c src/config.o
                0x0080065b                Config
                0x008006d7                PROVIDE (__noinit_end, .)
                0x008006d7                _end = .
                0x008006d7                PROVIDE (__heap_start, .)

.eeprom         0x00810000       0x7c
 *(.eeprom*)
 .eeprom        0x00810000       0x7c src/config.o
                0x00810000                EEConfig
                0x0081007c                __eeprom_end = .

.fuse
 *(.fuse)
 *(.lfuse)
 *(.hfuse)
 *(.efuse)

.lock
 *(.lock*)

.signature
 *(.signature*)

.user_signatures
 *(.user_signatures*)

.stab
 *(.stab)

.stabstr
 *(.stabstr)

.stab.excl
 *(.stab.excl)

.stab.exclstr
 *(.stab.exclstr)

.stab.index
 *(.stab.index)

.stab.indexstr
 *(.stab.indexstr)

.comment        0x00000000       0x30
 *(.comment)
 .comment       0x00000000       0x30 driver/adc.o
                                 0x31 (size before relaxing)
 .comment       0x00000000       0x31 driver/digitals.o
 .comment       0x00000000       0x31 driver/keyboard.o
 .comment       0x00000000       0x31 driver/lcd.o
 .comment       0x00000000       0x31 driver/pwm.o
 .comment       0x00000000       0x31 driver/rx.o
 .comment       0x00000000       0x31 driver/serial.o
 .comment       0x00000000       0x31 driver/system.o
 .comment       0x00000000       0x31 gfx/font12x16.o
 .comment       0x00000000       0x31 gfx/font4x6.o
 .comment       0x00000000       0x31 gfx/font6x8.o
 .comment       0x00000000       0x31 gfx/glyphs.o
 .comment       0x00000000       0x31 src/config.o
 .comment       0x00000000       0x31 src/controller.o
 .comment       0x00000000       0x31 src/imu.o
 .comment       0x00000000       0x31 src/lva.o
 .comment       0x00000000       0x31 src/main.o
 .comment       0x00000000       0x31 src/mixer.o
 .comment       0x00000000       0x31 src/model_table.o
 .comment       0x00000000       0x31 src/sensors.o
 .comment       0x00000000       0x31 menu/menu.o

.note.gnu.build-id
 *(.note.gnu.build-id)

.debug
 *(.debug)

.line
 *(.line)

.debug_srcinfo
 *(.debug_srcinfo)

.debug_sfnames
 *(.debug_sfnames)

.debug_aranges  0x00000000      0x5f0
 *(.debug_aranges)
 .debug_aranges
                0x00000000       0x38 driver/adc.o
 .debug_aranges
                0x00000038       0x50 driver/digitals.o
 .debug_aranges
                0x00000088       0x30 driver/keyboard.o
 .debug_aranges
                0x000000b8       0xc0 driver/lcd.o
 .debug_aranges
                0x00000178       0x50 driver/pwm.o
 .debug_aranges
                0x000001c8       0x58 driver/rx.o
 .debug_aranges
                0x00000220       0x58 driver/serial.o
 .debug_aranges
                0x00000278       0x40 driver/system.o
 .debug_aranges
                0x000002b8       0x20 gfx/font12x16.o
 .debug_aranges
                0x000002d8       0x20 gfx/font4x6.o
 .debug_aranges
                0x000002f8       0x20 gfx/font6x8.o
 .debug_aranges
                0x00000318       0x18 gfx/glyphs.o
 .debug_aranges
                0x00000330       0x40 src/config.o
 .debug_aranges
                0x00000370       0x40 src/controller.o
 .debug_aranges
                0x000003b0       0x30 src/imu.o
 .debug_aranges
                0x000003e0       0x20 src/lva.o
 .debug_aranges
                0x00000400       0x38 src/main.o
 .debug_aranges
                0x00000438       0x38 src/mixer.o
 .debug_aranges
                0x00000470       0x18 src/model_table.o
 .debug_aranges
                0x00000488       0x28 src/sensors.o
 .debug_aranges
                0x000004b0      0x140 menu/menu.o

.debug_pubnames
 *(.debug_pubnames)

.debug_info     0x00000000     0x9bd9
 *(.debug_info .gnu.linkonce.wi.*)
 .debug_info    0x00000000      0x1d9 driver/adc.o
 .debug_info    0x000001d9      0x2c5 driver/digitals.o
 .debug_info    0x0000049e      0x17d driver/keyboard.o
 .debug_info    0x0000061b      0xca6 driver/lcd.o
 .debug_info    0x000012c1      0x758 driver/pwm.o
 .debug_info    0x00001a19      0x8cf driver/rx.o
 .debug_info    0x000022e8      0x347 driver/serial.o
 .debug_info    0x0000262f      0x2f8 driver/system.o
 .debug_info    0x00002927      0x14a gfx/font12x16.o
 .debug_info    0x00002a71      0x149 gfx/font4x6.o
 .debug_info    0x00002bba      0x14a gfx/font6x8.o
 .debug_info    0x00002d04      0x131 gfx/glyphs.o
 .debug_info    0x00002e35      0x608 src/config.o
 .debug_info    0x0000343d      0x618 src/controller.o
 .debug_info    0x00003a55      0x714 src/imu.o
 .debug_info    0x00004169      0x4a3 src/lva.o
 .debug_info    0x0000460c      0xe94 src/main.o
 .debug_info    0x000054a0      0x76e src/mixer.o
 .debug_info    0x00005c0e      0x5ea src/model_table.o
 .debug_info    0x000061f8      0x558 src/sensors.o
 .debug_info    0x00006750     0x3489 menu/menu.o

.debug_abbrev   0x00000000     0x2676
 *(.debug_abbrev)
 .debug_abbrev  0x00000000      0x154 driver/adc.o
 .debug_abbrev  0x00000154      0x142 driver/digitals.o
 .debug_abbrev  0x00000296      0x103 driver/keyboard.o
 .debug_abbrev  0x00000399      0x3a3 driver/lcd.o
 .debug_abbrev  0x0000073c      0x28a driver/pwm.o
 .debug_abbrev  0x000009c6      0x289 driver/rx.o
 .debug_abbrev  0x00000c4f      0x1db driver/serial.o
 .debug_abbrev  0x00000e2a      0x17d driver/system.o
 .debug_abbrev  0x00000fa7       0xd5 gfx/font12x16.o
 .debug_abbrev  0x0000107c       0xd5 gfx/font4x6.o
 .debug_abbrev  0x00001151       0xd5 gfx/font6x8.o
 .debug_abbrev  0x00001226       0x7a gfx/glyphs.o
 .debug_abbrev  0x000012a0      0x1b7 src/config.o
 .debug_abbrev  0x00001457      0x1cb src/controller.o
 .debug_abbrev  0x00001622      0x28d src/imu.o
 .debug_abbrev  0x000018af      0x142 src/lva.o
 .debug_abbrev  0x000019f1      0x356 src/main.o
 .debug_abbrev  0x00001d47      0x1f7 src/mixer.o
 .debug_abbrev  0x00001f3e       0xf6 src/model_table.o
 .debug_abbrev  0x00002034      0x159 src/sensors.o
 .debug_abbrev  0x0000218d      0x4e9 menu/menu.o

.debug_line     0x00000000     0x4a79
 *(.debug_line .debug_line.* .debug_line_end)
 .debug_line    0x00000000      0x32a driver/adc.o
 .debug_line    0x0000032a      0x374 driver/digitals.o
 .debug_line    0x0000069e      0x33f driver/keyboard.o
 .debug_line    0x000009dd      0x597 driver/lcd.o
 .debug_line    0x00000f74      0x3a9 driver/pwm.o
 .debug_line    0x0000131d      0x3ee driver/rx.o
 .debug_line    0x0000170b      0x36f driver/serial.o
 .debug_line    0x00001a7a      0x370 driver/system.o
 .debug_line    0x00001dea      0x23a gfx/font12x16.o
 .debug_line    0x00002024      0x236 gfx/font4x6.o
 .debug_line    0x0000225a      0x236 gfx/font6x8.o
 .debug_line    0x00002490      0x224 gfx/glyphs.o
 .debug_line    0x000026b4      0x34f src/config.o
 .debug_line    0x00002a03      0x36a src/controller.o
 .debug_line    0x00002d6d      0x366 src/imu.o
 .debug_line    0x000030d3      0x30a src/lva.o
 .debug_line    0x000033dd      0x4bd src/main.o
 .debug_line    0x0000389a      0x380 src/mixer.o
 .debug_line    0x00003c1a      0x2e8 src/model_table.o
 .debug_line    0x00003f02      0x341 src/sensors.o
 .debug_line    0x00004243      0x836 menu/menu.o

.debug_frame    0x00000000     0x10bc
 *(.debug_frame)
 .debug_frame   0x00000000       0x78 driver/adc.o
 .debug_frame   0x00000078       0xb4 driver/digitals.o
 .debug_frame   0x0000012c       0x58 driver/keyboard.o
 .debug_frame   0x00000184      0x2bc driver/lcd.o
 .debug_frame   0x00000440      0x120 driver/pwm.o
 .debug_frame   0x00000560      0x230 driver/rx.o
 .debug_frame   0x00000790       0xfc driver/serial.o
 .debug_frame   0x0000088c       0xa0 driver/system.o
 .debug_frame   0x0000092c       0x24 gfx/font12x16.o
 .debug_frame   0x00000950       0x24 gfx/font4x6.o
 .debug_frame   0x00000974       0x24 gfx/font6x8.o
 .debug_frame   0x00000998       0x64 src/config.o
 .debug_frame   0x000009fc       0x64 src/controller.o
 .debug_frame   0x00000a60       0x84 src/imu.o
 .debug_frame   0x00000ae4       0x24 src/lva.o
 .debug_frame   0x00000b08       0x64 src/main.o
 .debug_frame   0x00000b6c       0xc4 src/mixer.o
 .debug_frame   0x00000c30       0x34 src/sensors.o
 .debug_frame   0x00000c64      0x458 menu/menu.o

.debug_str      0x00000000     0xe187
 *(.debug_str)
 .debug_str     0x00000000     0x8cb6 driver/adc.o
                               0x8dea (size before relaxing)
 .debug_str     0x00008cb6      0x16c driver/digitals.o
                               0x8eec (size before relaxing)
 .debug_str     0x00008e22       0xf5 driver/keyboard.o
                               0x8e87 (size before relaxing)
 .debug_str     0x00008f17     0x1be4 driver/lcd.o
                               0xaa07 (size before relaxing)
 .debug_str     0x0000aafb      0x28d driver/pwm.o
                               0xa3bb (size before relaxing)
 .debug_str     0x0000ad88       0xc5 driver/rx.o
                               0xa5b8 (size before relaxing)
 .debug_str     0x0000ae4d       0xa6 driver/serial.o
                               0x8e49 (size before relaxing)
 .debug_str     0x0000aef3       0x4d driver/system.o
                               0x8e36 (size before relaxing)
 .debug_str     0x0000af40       0x50 gfx/font12x16.o
                               0x8d5d (size before relaxing)
 .debug_str     0x0000af90       0x47 gfx/font4x6.o
                               0x8d54 (size before relaxing)
 .debug_str     0x0000afd7       0x3f gfx/font6x8.o
                               0x8d54 (size before relaxing)
 .debug_str     0x0000b016       0x49 gfx/glyphs.o
                               0x8d4b (size before relaxing)
 .debug_str     0x0000b05f      0x6cd src/config.o
                               0xab55 (size before relaxing)
 .debug_str     0x0000b72c       0x97 src/controller.o
                               0x9352 (size before relaxing)
 .debug_str     0x0000b7c3       0xad src/imu.o
                               0xa606 (size before relaxing)
 .debug_str     0x0000b870       0x29 src/lva.o
                               0x8fab (size before relaxing)
 .debug_str     0x0000b899     0x1cae src/main.o
                               0xc817 (size before relaxing)
 .debug_str     0x0000d547       0x61 src/mixer.o
                               0xa5ca (size before relaxing)
 .debug_str     0x0000d5a8      0x1d7 src/model_table.o
                               0xa2fb (size before relaxing)
 .debug_str     0x0000d77f       0x43 src/sensors.o
                               0x9523 (size before relaxing)
 .debug_str     0x0000d7c2      0x9c5 menu/menu.o
                               0xb791 (size before relaxing)

.debug_loc      0x00000000     0x3776
 *(.debug_loc)
 .debug_loc     0x00000000       0xde driver/adc.o
 .debug_loc     0x000000de      0x1be driver/digitals.o
 .debug_loc     0x0000029c       0xf3 driver/keyboard.o
 .debug_loc     0x0000038f      0xd5e driver/lcd.o
 .debug_loc     0x000010ed      0x317 driver/pwm.o
 .debug_loc     0x00001404      0x609 driver/rx.o
 .debug_loc     0x00001a0d      0x22b driver/serial.o
 .debug_loc     0x00001c38      0x158 driver/system.o
 .debug_loc     0x00001d90       0x1e gfx/font12x16.o
 .debug_loc     0x00001dae       0x21 gfx/font4x6.o
 .debug_loc     0x00001dcf       0x21 gfx/font6x8.o
 .debug_loc     0x00001df0       0xe4 src/controller.o
 .debug_loc     0x00001ed4      0x333 src/imu.o
 .debug_loc     0x00002207      0x1c3 src/main.o
 .debug_loc     0x000023ca      0x2d0 src/mixer.o
 .debug_loc     0x0000269a     0x10dc menu/menu.o

.debug_macinfo
 *(.debug_macinfo)

.debug_weaknames
 *(.debug_weaknames)

.debug_funcnames
 *(.debug_funcnames)

.debug_typenames
 *(.debug_typenames)

.debug_varnames
 *(.debug_varnames)

.debug_pubtypes
 *(.debug_pubtypes)

.debug_ranges   0x00000000      0x5c0
 *(.debug_ranges)
 .debug_ranges  0x00000000       0x28 driver/adc.o
 .debug_ranges  0x00000028       0x40 driver/digitals.o
 .debug_ranges  0x00000068       0x20 driver/keyboard.o
 .debug_ranges  0x00000088       0xf8 driver/lcd.o
 .debug_ranges  0x00000180       0x40 driver/pwm.o
 .debug_ranges  0x000001c0       0x60 driver/rx.o
 .debug_ranges  0x00000220       0x48 driver/serial.o
 .debug_ranges  0x00000268       0x30 driver/system.o
 .debug_ranges  0x00000298       0x10 gfx/font12x16.o
 .debug_ranges  0x000002a8       0x10 gfx/font4x6.o
 .debug_ranges  0x000002b8       0x10 gfx/font6x8.o
 .debug_ranges  0x000002c8       0x30 src/config.o
 .debug_ranges  0x000002f8       0x30 src/controller.o
 .debug_ranges  0x00000328       0x20 src/imu.o
 .debug_ranges  0x00000348       0x10 src/lva.o
 .debug_ranges  0x00000358       0xc8 src/main.o
 .debug_ranges  0x00000420       0x28 src/mixer.o
 .debug_ranges  0x00000448       0x18 src/sensors.o
 .debug_ranges  0x00000460      0x160 menu/menu.o

.debug_macro    0x00000000    0x12bc0
 *(.debug_macro)
 .debug_macro   0x00000000      0xb1e driver/adc.o
 .debug_macro   0x00000b1e       0x40 driver/adc.o
 .debug_macro   0x00000b5e      0x1ad driver/adc.o
 .debug_macro   0x00000d0b       0x40 driver/adc.o
 .debug_macro   0x00000d4b       0x10 driver/adc.o
 .debug_macro   0x00000d5b      0x299 driver/adc.o
 .debug_macro   0x00000ff4       0x9e driver/adc.o
 .debug_macro   0x00001092     0x1e0b driver/adc.o
 .debug_macro   0x00002e9d      0x171 driver/adc.o
 .debug_macro   0x0000300e       0xbd driver/adc.o
 .debug_macro   0x000030cb       0x34 driver/adc.o
 .debug_macro   0x000030ff       0x18 driver/adc.o
 .debug_macro   0x00003117       0x6c driver/adc.o
 .debug_macro   0x00003183       0x69 driver/adc.o
 .debug_macro   0x000031ec       0x2e driver/adc.o
 .debug_macro   0x0000321a      0x2a4 driver/adc.o
 .debug_macro   0x000034be       0x28 driver/adc.o
 .debug_macro   0x000034e6       0x16 driver/adc.o
 .debug_macro   0x000034fc       0x3a driver/adc.o
 .debug_macro   0x00003536      0xb24 driver/digitals.o
 .debug_macro   0x0000405a      0xb37 driver/keyboard.o
 .debug_macro   0x00004b91       0x22 driver/keyboard.o
 .debug_macro   0x00004bb3      0xc4b driver/lcd.o
 .debug_macro   0x000057fe       0x10 driver/lcd.o
 .debug_macro   0x0000580e       0x89 driver/lcd.o
 .debug_macro   0x00005897       0xee driver/lcd.o
 .debug_macro   0x00005985       0x16 driver/lcd.o
 .debug_macro   0x0000599b       0x20 driver/lcd.o
 .debug_macro   0x000059bb       0x1c driver/lcd.o
 .debug_macro   0x000059d7       0x97 driver/lcd.o
 .debug_macro   0x00005a6e       0x5a driver/lcd.o
 .debug_macro   0x00005ac8       0x16 driver/lcd.o
 .debug_macro   0x00005ade      0xb44 driver/pwm.o
 .debug_macro   0x00006622       0x46 driver/pwm.o
 .debug_macro   0x00006668      0xb5f driver/rx.o
 .debug_macro   0x000071c7       0x97 driver/rx.o
 .debug_macro   0x0000725e       0x16 driver/rx.o
 .debug_macro   0x00007274       0x12 driver/rx.o
 .debug_macro   0x00007286       0xe2 driver/rx.o
 .debug_macro   0x00007368      0xb24 driver/serial.o
 .debug_macro   0x00007e8c      0xb1e driver/system.o
 .debug_macro   0x000089aa      0xadc gfx/font12x16.o
 .debug_macro   0x00009486       0xaa gfx/font12x16.o
 .debug_macro   0x00009530      0xadc gfx/font4x6.o
 .debug_macro   0x0000a00c      0xadc gfx/font6x8.o
 .debug_macro   0x0000aae8      0xadc gfx/glyphs.o
 .debug_macro   0x0000b5c4      0x293 gfx/glyphs.o
 .debug_macro   0x0000b857      0xb5c src/config.o
 .debug_macro   0x0000c3b3       0x88 src/config.o
 .debug_macro   0x0000c43b      0x166 src/config.o
 .debug_macro   0x0000c5a1       0x3c src/config.o
 .debug_macro   0x0000c5dd       0x35 src/config.o
 .debug_macro   0x0000c612       0xe8 src/config.o
 .debug_macro   0x0000c6fa      0xb52 src/controller.o
 .debug_macro   0x0000d24c      0xb62 src/imu.o
 .debug_macro   0x0000ddae      0x10e src/imu.o
 .debug_macro   0x0000debc       0x66 src/imu.o
 .debug_macro   0x0000df22      0xb3c src/lva.o
 .debug_macro   0x0000ea5e      0xc27 src/main.o
 .debug_macro   0x0000f685       0x76 src/main.o
 .debug_macro   0x0000f6fb       0x73 src/main.o
 .debug_macro   0x0000f76e      0x3d3 src/main.o
 .debug_macro   0x0000fb41      0x203 src/main.o
 .debug_macro   0x0000fd44      0xb73 src/mixer.o
 .debug_macro   0x000108b7      0xb3f src/model_table.o
 .debug_macro   0x000113f6      0xb5c src/sensors.o
 .debug_macro   0x00011f52      0xc6e menu/menu.o
OUTPUT(KK2.elf elf32-avr)
LOAD linker stubs
